// Jest Snapshot v1, https://goo.gl/fbAQLP

exports[`snapshot 1`] = `
.c1 {
  white-space: nowrap;
}

.c1:first-child::before {
  font-size: 1.7rem;
  content: ' ';
}

.c1:not(:first-child)::before {
  display: inline-block;
  content: '.';
  padding: 0px 4px 0px 4px;
  font-size: 1.7rem;
  -webkit-transform: translateY(-16%);
  -ms-transform: translateY(-16%);
  transform: translateY(-16%);
}

.c0 {
  display: -webkit-box;
  display: -webkit-flex;
  display: -ms-flexbox;
  display: flex;
  color: hsl(180,8%,52%);
  font-weight: 400;
  font-size: 0.9rem;
}

@media (min-width:600px) {
  .c1:not(:first-child)::before {
    padding: 0px 8px 0px 8px;
  }
}

@media (min-width:600px) {
  .c1 {
    font-size: 1rem;
  }
}

<ul
  className="c0"
>
  <li
    className="c1"
  />
  <li
    className="c1"
  />
  <li
    className="c1"
  />
</ul>
`;
