// Jest Snapshot v1, https://goo.gl/fbAQLP

exports[`snapshot 1`] = `
.c1 {
  height: 24px;
  line-height: 26px;
  vertical-align: middle;
  padding: 0px 9px 0px 9px;
  margin: 0px 4px 0px 4px;
  color: white;
  border-radius: 20px;
  font-size: 0.9rem;
}

.c2 {
  margin-left: 18px;
  background-color: hsl(180,29%,50%);
  font-size: 0.7rem;
}

.c3 {
  background-color: hsl(180,14%,20%);
  font-size: 0.7rem;
}

.c0 {
  display: -webkit-box;
  display: -webkit-flex;
  display: -ms-flexbox;
  display: flex;
  -webkit-align-items: center;
  -webkit-box-align: center;
  -ms-flex-align: center;
  align-items: center;
  height: 24px;
  color: hsl(180,29%,50%);
  font-weight: 600;
  font-size: 0.8rem;
}

@media (min-width:500px) {
  .c0 {
    font-size: 0.9rem;
  }
}

<div
  className="c0"
>
  <h6>
    Durran
  </h6>
  <span
    className="c1 c2"
  >
    NEW!
  </span>
  <span
    className="c1 c3"
  >
    FEATURED
  </span>
</div>
`;
