// Jest Snapshot v1, https://goo.gl/fbAQLP

exports[`snapshot 1`] = `
.c0 {
  height: 32px;
  display: -webkit-box;
  display: -webkit-flex;
  display: -ms-flexbox;
  display: flex;
  -webkit-box-pack: center;
  -webkit-justify-content: center;
  -ms-flex-pack: center;
  justify-content: center;
  -webkit-align-items: center;
  -webkit-box-align: center;
  -ms-flex-align: center;
  align-items: center;
  background-color: #EAF3F2;
  margin: 10px 8px 10px 8px;
  border-radius: 5px;
}

.c1 {
  padding: 0px 9px 0px 8px;
  color: #5EAAA6;
}

<div
  className="c0"
  role="listitem"
>
  <span
    className="c1"
  />
  
</div>
`;
