// Jest Snapshot v1, https://goo.gl/fbAQLP

exports[`snapshot 1`] = `
.c0 {
  height: 156px;
  background-color: #5DA5A4;
  content: url('/assets/images/bg-header-mobile.svg');
}

@media (min-width:376px) {
  .c0 {
    content: url('/assets/images/bg-header-desktop.svg');
  }
}

@media (min-width:1367px) {
  .c0 {
    width: 100%;
  }
}

<header
  role="presentation"
>
  <img
    className="c0"
  />
</header>
`;
