// Jest Snapshot v1, https://goo.gl/fbAQLP

exports[`snapshot 1`] = `
.c10 {
  white-space: nowrap;
}

.c10:first-child::before {
  font-size: 1.7rem;
  content: ' ';
}

.c10:not(:first-child)::before {
  display: inline-block;
  content: '.';
  padding: 0px 4px 0px 4px;
  font-size: 1.7rem;
  -webkit-transform: translateY(-16%);
  -ms-transform: translateY(-16%);
  transform: translateY(-16%);
}

.c9 {
  display: -webkit-box;
  display: -webkit-flex;
  display: -ms-flexbox;
  display: flex;
  color: hsl(180,8%,52%);
  font-weight: 400;
  font-size: 0.9rem;
}

.c5 {
  height: 24px;
  line-height: 27px;
  vertical-align: middle;
  padding: 0px 9px 0px 9px;
  margin: 0px 4px 0px 4px;
  color: white;
  border-radius: 20px;
  font-size: 0.9rem;
}

.c6 {
  margin-left: 18px;
  background-color: hsl(180,29%,50%);
  font-size: 0.7rem;
}

.c7 {
  background-color: hsl(180,14%,20%);
  font-size: 0.7rem;
}

.c4 {
  display: -webkit-box;
  display: -webkit-flex;
  display: -ms-flexbox;
  display: flex;
  -webkit-align-items: center;
  -webkit-box-align: center;
  -ms-flex-align: center;
  align-items: center;
  height: 24px;
  color: hsl(180,29%,50%);
  font-weight: 600;
  font-size: 0.8rem;
}

.c8 {
  padding: 11px 0px 11px 0px;
  margin: 0px;
  white-space: nowrap;
  font-weight: 600;
}

.c8:hover {
  color: hsl(180,29%,50%);
  cursor: pointer;
}

.c3 {
  display: -webkit-box;
  display: -webkit-flex;
  display: -ms-flexbox;
  display: flex;
  -webkit-flex-direction: column;
  -ms-flex-direction: column;
  flex-direction: column;
}

.c13 {
  display: -webkit-box;
  display: -webkit-flex;
  display: -ms-flexbox;
  display: flex;
  -webkit-flex-wrap: wrap;
  -ms-flex-wrap: wrap;
  flex-wrap: wrap;
  width: 100%;
  -webkit-box-pack: end;
  -webkit-justify-content: flex-end;
  -ms-flex-pack: end;
  justify-content: flex-end;
}

.c14 {
  display: -webkit-box;
  display: -webkit-flex;
  display: -ms-flexbox;
  display: flex;
  -webkit-box-pack: center;
  -webkit-justify-content: center;
  -ms-flex-pack: center;
  justify-content: center;
  -webkit-align-items: center;
  -webkit-box-align: center;
  -ms-flex-align: center;
  align-items: center;
  height: 32px;
  margin: 10px 16px 10px 0px;
  border-radius: 5px;
  overflow: hidden;
  background-color: hsl(180,31%,95%);
}

.c15 {
  display: -webkit-box;
  display: -webkit-flex;
  display: -ms-flexbox;
  display: flex;
  -webkit-align-items: center;
  -webkit-box-align: center;
  -ms-flex-align: center;
  align-items: center;
  height: 100%;
  padding: 0px 9px 0px 8px;
  color: hsl(180,29%,50%);
  font-size: 0.9rem;
  font-weight: 600;
}

.c15:hover {
  color: white;
  background-color: hsl(180,29%,50%);
  cursor: pointer;
}

.c12 {
  display: -webkit-box;
  display: -webkit-flex;
  display: -ms-flexbox;
  display: flex;
  -webkit-align-items: center;
  -webkit-box-align: center;
  -ms-flex-align: center;
  align-items: center;
  margin-left: auto;
}

.c11 {
  opacity: 0.5;
  margin: 0px 0px 4px 0px;
  border-top: 1px solid hsl(180,8%,52%);
}

.c1 {
  display: -webkit-box;
  display: -webkit-flex;
  display: -ms-flexbox;
  display: flex;
  -webkit-align-items: center;
  -webkit-box-align: center;
  -ms-flex-align: center;
  align-items: center;
  padding-bottom: 10px;
}

.c2 {
  position: absolute;
  height: 48px;
  width: 48px;
  -webkit-transform: translate( 0px, -86px );
  -ms-transform: translate( 0px, -86px );
  transform: translate( 0px, -86px );
}

.c0 {
  box-sizing: border-box;
  width: 100%;
  margin-top: 40px;
  padding: 44px 24px 14px 20px;
  background-color: white;
  border-radius: 5px;
  border-left: 5px solid hsl(180,29%,50%);
  box-shadow: 0px 10px 10px rgba(94,140,160,0.15);
}

@media (min-width:600px) {
  .c10:not(:first-child)::before {
    padding: 0px 8px 0px 8px;
  }
}

@media (min-width:600px) {
  .c10 {
    font-size: 1rem;
  }
}

@media (min-width:500px) {
  .c4 {
    font-size: 0.9rem;
  }
}

@media (min-width:500px) {
  .c3 {
    font-size: 1rem;
  }
}

@media (min-width:600px) {
  .c3 {
    font-size: 1.2rem;
  }
}

@media (max-width:415px) {
  .c13 {
    -webkit-box-pack: start;
    -webkit-justify-content: flex-start;
    -ms-flex-pack: start;
    justify-content: flex-start;
  }
}

@media (min-width:415px) {
  .c14 {
    margin: 10px 0px 10px 16px;
  }
}

@media (min-width:785px) {
  .c11 {
    display: none;
  }
}

@media (min-width:785px) {
  .c1 {
    padding-bottom: 0px;
  }
}

@media (min-width:555px) {
  .c2 {
    position: relative;
    height: 88px;
    width: 88px;
    margin-right: 24px;
    -webkit-transform: translate(0,0);
    -ms-transform: translate(0,0);
    transform: translate(0,0);
  }
}

@media (min-width:555px) {
  .c0 {
    display: -webkit-box;
    display: -webkit-flex;
    display: -ms-flexbox;
    display: flex;
    -webkit-flex-direction: column;
    -ms-flex-direction: column;
    flex-direction: column;
    padding-top: 20px;
  }
}

@media (min-width:785px) {
  .c0 {
    display: -webkit-box;
    display: -webkit-flex;
    display: -ms-flexbox;
    display: flex;
    -webkit-flex-direction: row;
    -ms-flex-direction: row;
    flex-direction: row;
    -webkit-align-items: center;
    -webkit-box-align: center;
    -ms-flex-align: center;
    align-items: center;
    padding: 24px 24px 24px 24px;
  }
}

@media (min-width:900px) {
  .c0 {
    padding: 30px 48px 30px 48px;
  }
}

<div
  className="c0"
  role="listitem"
>
  <div
    className="c1"
  >
    <img
      alt="company logo"
      className="c2"
      src="/assets/images/photosnap.svg"
    />
    <div
      className="c3"
    >
      <div
        className="c4"
      >
        <h6>
          Photosnap
        </h6>
        <span
          className="c5 c6"
        >
          NEW!
        </span>
        <span
          className="c5 c7"
        >
          FEATURED
        </span>
      </div>
      <h3
        className="c8"
      >
        Senior Frontend Developer
      </h3>
       
      <ul
        className="c9"
      >
        <li
          className="c10"
        >
          2d ago
        </li>
        <li
          className="c10"
        >
          Part Time
        </li>
        <li
          className="c10"
        >
          USA Only
        </li>
      </ul>
    </div>
  </div>
  <hr
    className="c11"
  />
  <div
    className="c12"
  >
    <ul
      className="c13"
    >
      <li
        className="c14"
      >
        <span
          className="c15"
          onClick={[Function]}
        >
          Frontend
        </span>
        
      </li>
      <li
        className="c14"
      >
        <span
          className="c15"
          onClick={[Function]}
        >
          Senior
        </span>
        
      </li>
      <li
        className="c14"
      >
        <span
          className="c15"
          onClick={[Function]}
        >
          HTML
        </span>
        
      </li>
      <li
        className="c14"
      >
        <span
          className="c15"
          onClick={[Function]}
        >
          CSS
        </span>
        
      </li>
      <li
        className="c14"
      >
        <span
          className="c15"
          onClick={[Function]}
        >
          JavaScript
        </span>
        
      </li>
    </ul>
  </div>
</div>
`;
